#                 Statistics Report
#  Circuit name                               s35932
#  Fault model                                   SAF
#  Pattern type                                BASIC
#  -------------------------------------------------
#  Fault classes                             #faults
#  ----------------------------  -------------------
#    FU (full)                                100018
#    FU (collapsed)                            72890
#    --------------------------  -------------------
#    UD (undetected)                           89642
#    PT (possibly testable)                        0
#    AU (atpg untestable)                          0
#    RE (redundant)                                0
#    AB (atpg abort)                               0
#    TI (tied)                                     0
#    --------------------------  -------------------
#    DT (detected)                             10376
#  -------------------------------------------------
#  Coverage                               percentage
#    --------------------------  -------------------
#    test coverage                            10.37%
#    fault coverage                           10.37%
#    atpg effectiveness                       10.37%
#  -------------------------------------------------
#  #Patterns                                       0
#  -------------------------------------------------
#  ATPG runtime                              42.02 s
#  -------------------------------------------------
